[dotenv@17.2.3] injecting env (0) from .env -- tip: ≡ƒöÉ prevent committing .env to code: https://dotenvx.com/precommit
Database connected
Current Colombo Time in DB: 00:11:27.746324
Trips that should be active right now: []
Buses (active): [
  {
    id: 1,
    bus_number: 'BUS-1-0',
    status: 'ACTIVE',
    current_trip_id: null
  },
  {
    id: 2,
    bus_number: 'BUS-1-1',
    status: 'ACTIVE',
    current_trip_id: null
  },
  {
    id: 3,
    bus_number: 'BUS-2-0',
    status: 'ACTIVE',
    current_trip_id: null
  },
  {
    id: 4,
    bus_number: 'BUS-2-1',
    status: 'ACTIVE',
    current_trip_id: null
  },
  {
    id: 5,
    bus_number: 'BUS-3-0',
    status: 'ACTIVE',
    current_trip_id: null
  },
  {
    id: 6,
    bus_number: 'BUS-3-1',
    status: 'ACTIVE',
    current_trip_id: null
  },
  {
    id: 7,
    bus_number: 'BUS-4-0',
    status: 'ACTIVE',
    current_trip_id: null
  },
  {
    id: 8,
    bus_number: 'BUS-4-1',
    status: 'ACTIVE',
    current_trip_id: null
  },
  {
    id: 9,
    bus_number: 'BUS-5-0',
    status: 'ACTIVE',
    current_trip_id: null
  },
  {
    id: 10,
    bus_number: 'BUS-5-1',
    status: 'ACTIVE',
    current_trip_id: null
  }
]
Trip Assignment match attempt: [
  { bus_id: 1, new_trip_id: null },
  { bus_id: 2, new_trip_id: null },
  { bus_id: 3, new_trip_id: null },
  { bus_id: 4, new_trip_id: null },
  { bus_id: 5, new_trip_id: null },
  { bus_id: 6, new_trip_id: null },
  { bus_id: 7, new_trip_id: null },
  { bus_id: 8, new_trip_id: null },
  { bus_id: 9, new_trip_id: null },
  { bus_id: 10, new_trip_id: null }
]
